// Jest Snapshot v1, https://goo.gl/fbAQLP

exports[`snapshot 1`] = `
<div
  className="link-container"
  data-testid="link-container"
  style={
    Object {
      "background": "rgba(0, 0, 0, 0.5)",
      "backgroundSize": "cover",
    }
  }
>
  <div
    className="link-container__info"
    data-testid="container-info"
  >
    <a
      className="link-container__title"
      data-testid="link"
      href="/sushi"
      onClick={[Function]}
    />
  </div>
</div>
`;
